
> frontend@0.0.0 build
> tsc -b && vite build

src/pages/CBOMPage.tsx(25,46): error TS2339: Property 'last_scan_id' does not exist on type 'CBOMMetrics'.
src/pages/CBOMPage.tsx(138,82): error TS2339: Property 'last_scan_id' does not exist on type 'CBOMMetrics'.
src/pages/LoginPage.tsx(1,20): error TS1484: 'FormEvent' is a type and must be imported using a type-only import when 'verbatimModuleSyntax' is enabled.
src/pages/PosturePage.tsx(8,17): error TS6133: 'certs' is declared but its value is never read.
src/pages/RatingPage.tsx(4,10): error TS6133: 'Star' is declared but its value is never read.
src/pages/RatingPage.tsx(4,16): error TS6133: 'Shield' is declared but its value is never read.
src/pages/RatingPage.tsx(4,24): error TS6133: 'Lock' is declared but its value is never read.
src/pages/RatingPage.tsx(4,53): error TS6133: 'Award' is declared but its value is never read.
src/pages/RegisterPage.tsx(1,20): error TS1484: 'FormEvent' is a type and must be imported using a type-only import when 'verbatimModuleSyntax' is enabled.
src/pages/ScansPage.tsx(1,20): error TS6133: 'useEffect' is declared but its value is never read.
src/pages/ScansPage.tsx(7,16): error TS6133: 'setPage' is declared but its value is never read.
